// Jest Snapshot v1, https://goo.gl/fbAQLP

exports[`Component: Counter should match snapshot 1`] = `
<div>
  <div>
    <h1>
      Counter
    </h1>
    <p>
      Current Count: 
      1
    </p>
    <button>
      +
    </button>
    <button>
      -
    </button>
    <button>
      Reset
    </button>
  </div>
</div>
`;
